Generating image variants require the image_processing gem. Please add `gem "image_processing", "~> 1.2"` to your Gemfile or set `config.active_storage.variant_processor = :disabled`.
  [1m[35m (2.3ms)[0m  [1m[35mCREATE TABLE "schema_migrations" ("version" varchar NOT NULL PRIMARY KEY) /*application='RailsApi'*/[0m
  [1m[35m (0.5ms)[0m  [1m[35mCREATE TABLE "ar_internal_metadata" ("key" varchar NOT NULL PRIMARY KEY, "value" varchar, "created_at" datetime(6) NOT NULL, "updated_at" datetime(6) NOT NULL) /*application='RailsApi'*/[0m
  [1m[36mActiveRecord::InternalMetadata Load (0.7ms)[0m  [1m[34mSELECT * FROM "ar_internal_metadata" WHERE "ar_internal_metadata"."key" = 'environment' ORDER BY "ar_internal_metadata"."key" ASC LIMIT 1 /*application='RailsApi'*/[0m
  [1m[36mActiveRecord::InternalMetadata Create (0.6ms)[0m  [1m[32mINSERT INTO "ar_internal_metadata" ("key", "value", "created_at", "updated_at") VALUES ('environment', 'development', '2026-08-29 14:36:05.555033', '2026-08-29 14:36:05.555044') RETURNING "key" /*application='RailsApi'*/[0m
  [1m[36mActiveRecord::SchemaMigration Load (0.3ms)[0m  [1m[34mSELECT "schema_migrations"."version" FROM "schema_migrations" ORDER BY "schema_migrations"."version" ASC /*application='RailsApi'*/[0m
Migrating to CreateTransactions (20260829000001)
  [1m[36mTRANSACTION (0.2ms)[0m  [1m[35mBEGIN immediate TRANSACTION /*application='RailsApi'*/[0m
  [1m[35m (5.3ms)[0m  [1m[35mCREATE TABLE "transactions" ("id" integer PRIMARY KEY AUTOINCREMENT NOT NULL, "kind" varchar NOT NULL, "status" varchar DEFAULT 'pending' NOT NULL, "provider_reference" varchar, "amount_cents" integer, "currency" varchar, "phone_number" varchar, "party_b" varchar, "account_reference" varchar, "raw_response" text, "error_message" text, "created_at" datetime(6) NOT NULL, "updated_at" datetime(6) NOT NULL) /*application='RailsApi'*/[0m
  [1m[35m (0.5ms)[0m  [1m[35mCREATE INDEX "index_transactions_on_provider_reference" ON "transactions" ("provider_reference") /*application='RailsApi'*/[0m
  [1m[36mActiveRecord::SchemaMigration Create (0.9ms)[0m  [1m[32mINSERT INTO "schema_migrations" ("version") VALUES ('20260829000001') RETURNING "version" /*application='RailsApi'*/[0m
  [1m[36mTRANSACTION (0.4ms)[0m  [1m[35mCOMMIT TRANSACTION /*application='RailsApi'*/[0m
Migrating to CreateWebhookEvents (20260829000002)
  [1m[36mTRANSACTION (0.2ms)[0m  [1m[35mBEGIN immediate TRANSACTION /*application='RailsApi'*/[0m
  [1m[35m (4.4ms)[0m  [1m[35mCREATE TABLE "webhook_events" ("id" integer PRIMARY KEY AUTOINCREMENT NOT NULL, "event_type" varchar NOT NULL, "provider_reference" varchar, "verified" boolean DEFAULT FALSE NOT NULL, "success" boolean, "payload" text NOT NULL, "created_at" datetime(6) NOT NULL, "updated_at" datetime(6) NOT NULL) /*application='RailsApi'*/[0m
  [1m[35m (0.4ms)[0m  [1m[35mCREATE INDEX "index_webhook_events_on_provider_reference" ON "webhook_events" ("provider_reference") /*application='RailsApi'*/[0m
  [1m[36mActiveRecord::SchemaMigration Create (0.4ms)[0m  [1m[32mINSERT INTO "schema_migrations" ("version") VALUES ('20260829000002') RETURNING "version" /*application='RailsApi'*/[0m
  [1m[36mTRANSACTION (0.3ms)[0m  [1m[35mCOMMIT TRANSACTION /*application='RailsApi'*/[0m
  [1m[36mActiveRecord::SchemaMigration Load (0.2ms)[0m  [1m[34mSELECT "schema_migrations"."version" FROM "schema_migrations" ORDER BY "schema_migrations"."version" ASC /*application='RailsApi'*/[0m
Generating image variants require the image_processing gem. Please add `gem "image_processing", "~> 1.2"` to your Gemfile or set `config.active_storage.variant_processor = :disabled`.
Generating image variants require the image_processing gem. Please add `gem "image_processing", "~> 1.2"` to your Gemfile or set `config.active_storage.variant_processor = :disabled`.
Started GET "/up" for ::1 at 2026-08-29 17:36:41 +0300
  [1m[36mActiveRecord::SchemaMigration Load (0.6ms)[0m  [1m[34mSELECT "schema_migrations"."version" FROM "schema_migrations" ORDER BY "schema_migrations"."version" ASC /*application='RailsApi'*/[0m
Processing by Rails::HealthController#show as */*
  Rendering html template
  Rendered html template (Duration: 0.1ms | GC: 0.0ms)
Completed 200 OK in 30ms (Views: 17.4ms | ActiveRecord: 0.0ms (0 queries, 0 cached) | GC: 0.0ms)


Started POST "/api/v1/stk_pushes" for ::1 at 2026-08-29 17:36:42 +0300
Processing by Api::V1::StkPushesController#create as */*
  Parameters: {"amount" => 100, "phone_number" => "254712345678", "account_reference" => "ORDER-123", "stk_push" => {"amount" => 100, "phone_number" => "254712345678", "account_reference" => "ORDER-123"}}
  [1m[36mTRANSACTION (0.3ms)[0m  [1m[35mBEGIN immediate TRANSACTION /*action='create',application='RailsApi',controller='stk_pushes'*/[0m
  ↳ app/controllers/api/v1/stk_pushes_controller.rb:7:in 'Api::V1::StkPushesController#create'
  [1m[36mTransaction Create (5.0ms)[0m  [1m[32mINSERT INTO "transactions" ("kind", "status", "provider_reference", "amount_cents", "currency", "phone_number", "party_b", "account_reference", "raw_response", "error_message", "created_at", "updated_at") VALUES ('stk_push', 'pending', NULL, 100, 'KES', '254712345678', NULL, 'ORDER-123', NULL, NULL, '2026-08-29 14:36:42.311425', '2026-08-29 14:36:42.311425') RETURNING "id" /*action='create',application='RailsApi',controller='stk_pushes'*/[0m
  ↳ app/controllers/api/v1/stk_pushes_controller.rb:7:in 'Api::V1::StkPushesController#create'
  [1m[36mTRANSACTION (3.3ms)[0m  [1m[35mCOMMIT TRANSACTION /*action='create',application='RailsApi',controller='stk_pushes'*/[0m
  ↳ app/controllers/api/v1/stk_pushes_controller.rb:7:in 'Api::V1::StkPushesController#create'
  [1m[36mTRANSACTION (0.2ms)[0m  [1m[35mBEGIN immediate TRANSACTION /*action='create',application='RailsApi',controller='stk_pushes'*/[0m
  ↳ app/controllers/api/v1/stk_pushes_controller.rb:26:in 'block in Api::V1::StkPushesController#create'
  [1m[36mTransaction Update (4.5ms)[0m  [1m[33mUPDATE "transactions" SET "status" = 'failed', "error_message" = '{callback_url: ["must be an https:// URL"]}', "updated_at" = '2026-08-29 14:36:42.389710' WHERE "transactions"."id" = 1 /*action='create',application='RailsApi',controller='stk_pushes'*/[0m
  ↳ app/controllers/api/v1/stk_pushes_controller.rb:26:in 'block in Api::V1::StkPushesController#create'
  [1m[36mTRANSACTION (0.3ms)[0m  [1m[35mCOMMIT TRANSACTION /*action='create',application='RailsApi',controller='stk_pushes'*/[0m
  ↳ app/controllers/api/v1/stk_pushes_controller.rb:26:in 'block in Api::V1::StkPushesController#create'
Completed 422 Unprocessable Content in 194ms (Views: 0.5ms | ActiveRecord: 18.5ms (2 queries, 0 cached) | GC: 7.9ms)


Generating image variants require the image_processing gem. Please add `gem "image_processing", "~> 1.2"` to your Gemfile or set `config.active_storage.variant_processor = :disabled`.
Started POST "/api/v1/stk_pushes" for ::1 at 2026-08-29 17:37:07 +0300
  [1m[36mActiveRecord::SchemaMigration Load (0.8ms)[0m  [1m[34mSELECT "schema_migrations"."version" FROM "schema_migrations" ORDER BY "schema_migrations"."version" ASC /*application='RailsApi'*/[0m
Processing by Api::V1::StkPushesController#create as */*
  Parameters: {"amount" => 100, "phone_number" => "254712345678", "account_reference" => "ORDER-123", "stk_push" => {"amount" => 100, "phone_number" => "254712345678", "account_reference" => "ORDER-123"}}
  [1m[36mTRANSACTION (0.3ms)[0m  [1m[35mBEGIN immediate TRANSACTION /*action='create',application='RailsApi',controller='stk_pushes'*/[0m
  ↳ app/controllers/api/v1/stk_pushes_controller.rb:7:in 'Api::V1::StkPushesController#create'
  [1m[36mTransaction Create (4.5ms)[0m  [1m[32mINSERT INTO "transactions" ("kind", "status", "provider_reference", "amount_cents", "currency", "phone_number", "party_b", "account_reference", "raw_response", "error_message", "created_at", "updated_at") VALUES ('stk_push', 'pending', NULL, 100, 'KES', '254712345678', NULL, 'ORDER-123', NULL, NULL, '2026-08-29 14:37:08.053179', '2026-08-29 14:37:08.053179') RETURNING "id" /*action='create',application='RailsApi',controller='stk_pushes'*/[0m
  ↳ app/controllers/api/v1/stk_pushes_controller.rb:7:in 'Api::V1::StkPushesController#create'
  [1m[36mTRANSACTION (34.6ms)[0m  [1m[35mCOMMIT TRANSACTION /*action='create',application='RailsApi',controller='stk_pushes'*/[0m
  ↳ app/controllers/api/v1/stk_pushes_controller.rb:7:in 'Api::V1::StkPushesController#create'
rescue_from handled Lipwa::ConfigurationError (Lipwa::Gateways::Mpesa is missing consumer_key/consumer_secret/shortcode/passkey — set them via .configure) - /home/bocal/Sites/OpenSource/ruby_projects/lipwa/lib/lipwa/gateways/mpesa.rb:59:in 'Lipwa::Gateways::Mpesa#ensure_mpesa_config_present!'
Completed 500 Internal Server Error in 228ms (Views: 0.7ms | ActiveRecord: 45.2ms (1 query, 0 cached) | GC: 66.8ms)


Generating image variants require the image_processing gem. Please add `gem "image_processing", "~> 1.2"` to your Gemfile or set `config.active_storage.variant_processor = :disabled`.
Started POST "/api/v1/stk_pushes" for ::1 at 2026-08-29 17:37:24 +0300
  [1m[36mActiveRecord::SchemaMigration Load (0.6ms)[0m  [1m[34mSELECT "schema_migrations"."version" FROM "schema_migrations" ORDER BY "schema_migrations"."version" ASC /*application='RailsApi'*/[0m
Processing by Api::V1::StkPushesController#create as */*
  Parameters: {"amount" => 100, "phone_number" => "254712345678", "account_reference" => "ORDER-123", "stk_push" => {"amount" => 100, "phone_number" => "254712345678", "account_reference" => "ORDER-123"}}
  [1m[36mTRANSACTION (0.3ms)[0m  [1m[35mBEGIN immediate TRANSACTION /*action='create',application='RailsApi',controller='stk_pushes'*/[0m
  ↳ app/controllers/api/v1/stk_pushes_controller.rb:7:in 'Api::V1::StkPushesController#create'
  [1m[36mTransaction Create (4.3ms)[0m  [1m[32mINSERT INTO "transactions" ("kind", "status", "provider_reference", "amount_cents", "currency", "phone_number", "party_b", "account_reference", "raw_response", "error_message", "created_at", "updated_at") VALUES ('stk_push', 'pending', NULL, 100, 'KES', '254712345678', NULL, 'ORDER-123', NULL, NULL, '2026-08-29 14:37:24.489816', '2026-08-29 14:37:24.489816') RETURNING "id" /*action='create',application='RailsApi',controller='stk_pushes'*/[0m
  ↳ app/controllers/api/v1/stk_pushes_controller.rb:7:in 'Api::V1::StkPushesController#create'
  [1m[36mTRANSACTION (37.6ms)[0m  [1m[35mCOMMIT TRANSACTION /*action='create',application='RailsApi',controller='stk_pushes'*/[0m
  ↳ app/controllers/api/v1/stk_pushes_controller.rb:7:in 'Api::V1::StkPushesController#create'
request: POST https://sandbox.safaricom.co.ke/mpesa/stkpush/v1/processrequest
request: User-Agent: "Faraday v2.14.3"
Content-Type: "application/json"
request: {"BusinessShortCode":"174379","Password":"MTc0Mzc5ZmFrZTIwMjYwODI5MTczNzI0","Timestamp":"20260829173724","TransactionType":"CustomerPayBillOnline","PartyA":"254712345678","PartyB":"174379","Amount":100,"PhoneNumber":"254712345678","CallBackURL":"https://localhost:3099/webhooks/mpesa/stk","AccountReference":"ORDER-123","TransactionDesc":"ORDER-123"}
Completed 500 Internal Server Error in 1185ms (ActiveRecord: 47.2ms (1 query, 0 cached) | GC: 62.8ms)


  
NoMethodError (undefined method 'fetch' for an instance of String):
  
app/controllers/api/v1/stk_pushes_controller.rb:16:in 'Api::V1::StkPushesController#create'
Started POST "/webhooks/mpesa/stk" for ::1 at 2026-08-29 17:37:52 +0300
Processing by Webhooks::MpesaController#receive as */*
  Parameters: {"Body" => {"stkCallback" => {"CheckoutRequestID" => "ws_CO_1", "ResultCode" => 0, "ResultDesc" => "Success"}}, "mpesa" => {"Body" => {"stkCallback" => {"CheckoutRequestID" => "ws_CO_1", "ResultCode" => 0, "ResultDesc" => "Success"}}}}
  [1m[36mTRANSACTION (0.2ms)[0m  [1m[35mBEGIN immediate TRANSACTION /*action='receive',application='RailsApi',controller='mpesa'*/[0m
  ↳ app/controllers/webhooks/mpesa_controller.rb:22:in 'Webhooks::MpesaController#handle_event'
  [1m[36mWebhookEvent Create (5.0ms)[0m  [1m[32mINSERT INTO "webhook_events" ("event_type", "provider_reference", "verified", "success", "payload", "created_at", "updated_at") VALUES ('stk_callback', 'ws_CO_1', FALSE, TRUE, '{"CheckoutRequestID":"ws_CO_1","ResultCode":0,"ResultDesc":"Success"}', '2026-08-29 14:37:52.672850', '2026-08-29 14:37:52.672850') RETURNING "id" /*action='receive',application='RailsApi',controller='mpesa'*/[0m
  ↳ app/controllers/webhooks/mpesa_controller.rb:22:in 'Webhooks::MpesaController#handle_event'
  [1m[36mTRANSACTION (0.4ms)[0m  [1m[35mCOMMIT TRANSACTION /*action='receive',application='RailsApi',controller='mpesa'*/[0m
  ↳ app/controllers/webhooks/mpesa_controller.rb:22:in 'Webhooks::MpesaController#handle_event'
[Lipwa::Webhooks::Mpesa] rejecting callback from untrusted IP ::1
Completed 403 Forbidden in 44ms (ActiveRecord: 7.2ms (1 query, 0 cached) | GC: 3.6ms)


Started POST "/webhooks/mpesa/c2b" for ::1 at 2026-08-29 17:37:52 +0300
Processing by Webhooks::MpesaController#receive as */*
  Parameters: {"TransID" => "ABC123", "TransAmount" => "100", "MSISDN" => "254712345678", "mpesa" => {"TransID" => "ABC123", "TransAmount" => "100", "MSISDN" => "254712345678"}}
  [1m[36mTRANSACTION (0.2ms)[0m  [1m[35mBEGIN immediate TRANSACTION /*action='receive',application='RailsApi',controller='mpesa'*/[0m
  ↳ app/controllers/webhooks/mpesa_controller.rb:22:in 'Webhooks::MpesaController#handle_event'
  [1m[36mWebhookEvent Create (7.7ms)[0m  [1m[32mINSERT INTO "webhook_events" ("event_type", "provider_reference", "verified", "success", "payload", "created_at", "updated_at") VALUES ('c2b', 'ABC123', FALSE, TRUE, '{"TransID":"ABC123","TransAmount":"100","MSISDN":"254712345678"}', '2026-08-29 14:37:52.713035', '2026-08-29 14:37:52.713035') RETURNING "id" /*action='receive',application='RailsApi',controller='mpesa'*/[0m
  ↳ app/controllers/webhooks/mpesa_controller.rb:22:in 'Webhooks::MpesaController#handle_event'
  [1m[36mTRANSACTION (0.3ms)[0m  [1m[35mCOMMIT TRANSACTION /*action='receive',application='RailsApi',controller='mpesa'*/[0m
  ↳ app/controllers/webhooks/mpesa_controller.rb:22:in 'Webhooks::MpesaController#handle_event'
[Lipwa::Webhooks::Mpesa] rejecting callback from untrusted IP ::1
Completed 403 Forbidden in 21ms (ActiveRecord: 8.3ms (1 query, 0 cached) | GC: 0.0ms)


Started POST "/api/v1/refunds" for ::1 at 2026-08-29 17:37:52 +0300
Processing by Api::V1::RefundsController#create as */*
  Parameters: {"transaction_id" => "OEI2AK4Q16", "amount" => 100, "remarks" => "test", "refund" => {"transaction_id" => "OEI2AK4Q16", "amount" => 100, "remarks" => "test"}}
  [1m[36mTRANSACTION (0.2ms)[0m  [1m[35mBEGIN immediate TRANSACTION /*action='create',application='RailsApi',controller='refunds'*/[0m
  ↳ app/controllers/api/v1/refunds_controller.rb:7:in 'Api::V1::RefundsController#create'
  [1m[36mTransaction Create (4.9ms)[0m  [1m[32mINSERT INTO "transactions" ("kind", "status", "provider_reference", "amount_cents", "currency", "phone_number", "party_b", "account_reference", "raw_response", "error_message", "created_at", "updated_at") VALUES ('refund', 'pending', NULL, 100, 'KES', NULL, NULL, 'OEI2AK4Q16', NULL, NULL, '2026-08-29 14:37:52.760808', '2026-08-29 14:37:52.760808') RETURNING "id" /*action='create',application='RailsApi',controller='refunds'*/[0m
  ↳ app/controllers/api/v1/refunds_controller.rb:7:in 'Api::V1::RefundsController#create'
  [1m[36mTRANSACTION (0.2ms)[0m  [1m[35mCOMMIT TRANSACTION /*action='create',application='RailsApi',controller='refunds'*/[0m
  ↳ app/controllers/api/v1/refunds_controller.rb:7:in 'Api::V1::RefundsController#create'
rescue_from handled Lipwa::ConfigurationError (Lipwa::Gateways::Mpesa is missing initiator_name/initiator_password/security_credential_cert — set them via .configure to use #refund) - /home/bocal/Sites/OpenSource/ruby_projects/lipwa/lib/lipwa/capabilities/refund.rb:96:in 'Lipwa::Capabilities::Refund#ensure_refund_config_present!'
Completed 500 Internal Server Error in 18ms (Views: 0.5ms | ActiveRecord: 5.3ms (1 query, 0 cached) | GC: 0.0ms)


Generating image variants require the image_processing gem. Please add `gem "image_processing", "~> 1.2"` to your Gemfile or set `config.active_storage.variant_processor = :disabled`.
  [1m[36mWebhookEvent Pluck (0.3ms)[0m  [1m[34mSELECT "webhook_events"."event_type", "webhook_events"."verified", "webhook_events"."success" FROM "webhook_events" /*application='RailsApi'*/[0m
Generating image variants require the image_processing gem. Please add `gem "image_processing", "~> 1.2"` to your Gemfile or set `config.active_storage.variant_processor = :disabled`.
Generating image variants require the image_processing gem. Please add `gem "image_processing", "~> 1.2"` to your Gemfile or set `config.active_storage.variant_processor = :disabled`.
  [1m[35m (0.2ms)[0m  [1m[35mDROP TABLE IF EXISTS "transactions" /*application='RailsApi'*/[0m
  [1m[35m (2.2ms)[0m  [1m[35mCREATE TABLE "transactions" ("id" integer PRIMARY KEY AUTOINCREMENT NOT NULL, "account_reference" varchar, "amount_cents" integer, "created_at" datetime(6) NOT NULL, "currency" varchar, "error_message" text, "kind" varchar NOT NULL, "party_b" varchar, "phone_number" varchar, "provider_reference" varchar, "raw_response" text, "status" varchar DEFAULT 'pending' NOT NULL, "updated_at" datetime(6) NOT NULL) /*application='RailsApi'*/[0m
  [1m[35m (0.7ms)[0m  [1m[35mCREATE INDEX "index_transactions_on_provider_reference" ON "transactions" ("provider_reference") /*application='RailsApi'*/[0m
  [1m[35m (0.2ms)[0m  [1m[35mDROP TABLE IF EXISTS "webhook_events" /*application='RailsApi'*/[0m
  [1m[35m (0.7ms)[0m  [1m[35mCREATE TABLE "webhook_events" ("id" integer PRIMARY KEY AUTOINCREMENT NOT NULL, "created_at" datetime(6) NOT NULL, "event_type" varchar NOT NULL, "payload" text NOT NULL, "provider_reference" varchar, "success" boolean, "updated_at" datetime(6) NOT NULL, "verified" boolean DEFAULT FALSE NOT NULL) /*application='RailsApi'*/[0m
  [1m[35m (0.6ms)[0m  [1m[35mCREATE INDEX "index_webhook_events_on_provider_reference" ON "webhook_events" ("provider_reference") /*application='RailsApi'*/[0m
  [1m[35m (0.7ms)[0m  [1m[35mCREATE TABLE "schema_migrations" ("version" varchar NOT NULL PRIMARY KEY) /*application='RailsApi'*/[0m
  [1m[36mActiveRecord::SchemaMigration Load (0.4ms)[0m  [1m[34mSELECT "schema_migrations"."version" FROM "schema_migrations" ORDER BY "schema_migrations"."version" ASC /*application='RailsApi'*/[0m
  [1m[35m (0.5ms)[0m  [1m[32mINSERT INTO "schema_migrations" (version) VALUES (20260829000002) /*application='RailsApi'*/[0m
  [1m[35m (0.4ms)[0m  [1m[32mINSERT INTO "schema_migrations" (version) VALUES
(20260829000001); /*application='RailsApi'*/[0m
  [1m[35m (0.5ms)[0m  [1m[35mCREATE TABLE "ar_internal_metadata" ("key" varchar NOT NULL PRIMARY KEY, "value" varchar, "created_at" datetime(6) NOT NULL, "updated_at" datetime(6) NOT NULL) /*application='RailsApi'*/[0m
  [1m[36mActiveRecord::InternalMetadata Load (0.5ms)[0m  [1m[34mSELECT * FROM "ar_internal_metadata" WHERE "ar_internal_metadata"."key" = 'environment' ORDER BY "ar_internal_metadata"."key" ASC LIMIT 1 /*application='RailsApi'*/[0m
  [1m[36mActiveRecord::InternalMetadata Create (0.5ms)[0m  [1m[32mINSERT INTO "ar_internal_metadata" ("key", "value", "created_at", "updated_at") VALUES ('environment', 'development', '2026-08-29 14:44:36.924743', '2026-08-29 14:44:36.924752') RETURNING "key" /*application='RailsApi'*/[0m
  [1m[36mActiveRecord::InternalMetadata Load (0.2ms)[0m  [1m[34mSELECT * FROM "ar_internal_metadata" WHERE "ar_internal_metadata"."key" = 'environment' ORDER BY "ar_internal_metadata"."key" ASC LIMIT 1 /*application='RailsApi'*/[0m
  [1m[36mActiveRecord::InternalMetadata Load (0.2ms)[0m  [1m[34mSELECT * FROM "ar_internal_metadata" WHERE "ar_internal_metadata"."key" = 'schema_sha1' ORDER BY "ar_internal_metadata"."key" ASC LIMIT 1 /*application='RailsApi'*/[0m
  [1m[36mActiveRecord::InternalMetadata Create (0.4ms)[0m  [1m[32mINSERT INTO "ar_internal_metadata" ("key", "value", "created_at", "updated_at") VALUES ('schema_sha1', '81ba1e99534d55849f28222b8faa7c91bdb76234', '2026-08-29 14:44:36.934761', '2026-08-29 14:44:36.934767') RETURNING "key" /*application='RailsApi'*/[0m
  [1m[36mActiveRecord::InternalMetadata Load (0.2ms)[0m  [1m[34mSELECT * FROM "ar_internal_metadata" WHERE "ar_internal_metadata"."key" = 'environment' ORDER BY "ar_internal_metadata"."key" ASC LIMIT 1 /*application='RailsApi'*/[0m
  [1m[36mActiveRecord::SchemaMigration Load (0.2ms)[0m  [1m[34mSELECT "schema_migrations"."version" FROM "schema_migrations" ORDER BY "schema_migrations"."version" ASC /*application='RailsApi'*/[0m
  [1m[36mActiveRecord::SchemaMigration Load (0.2ms)[0m  [1m[34mSELECT "schema_migrations"."version" FROM "schema_migrations" ORDER BY "schema_migrations"."version" ASC /*application='RailsApi'*/[0m
Generating image variants require the image_processing gem. Please add `gem "image_processing", "~> 1.2"` to your Gemfile or set `config.active_storage.variant_processor = :disabled`.
  [1m[36mActiveRecord::InternalMetadata Load (0.7ms)[0m  [1m[34mSELECT * FROM "ar_internal_metadata" WHERE "ar_internal_metadata"."key" = 'environment' ORDER BY "ar_internal_metadata"."key" ASC LIMIT 1 /*application='RailsApi'*/[0m
  [1m[36mActiveRecord::SchemaMigration Load (0.3ms)[0m  [1m[34mSELECT "schema_migrations"."version" FROM "schema_migrations" ORDER BY "schema_migrations"."version" ASC /*application='RailsApi'*/[0m
  [1m[36mActiveRecord::SchemaMigration Load (0.3ms)[0m  [1m[34mSELECT "schema_migrations"."version" FROM "schema_migrations" ORDER BY "schema_migrations"."version" ASC /*application='RailsApi'*/[0m
[dotenv] Set [36mMPESA_ENV[0m, [36mMPESA_CONSUMER_KEY[0m, [36mMPESA_CONSUMER_SECRET[0m, [36mMPESA_SHORTCODE[0m, [36mMPESA_PASSKEY[0m, [36mMPESA_INITIATOR_NAME[0m, [36mMPESA_INITIATOR_PASSWORD[0m, [36mMPESA_CERT_PATH[0m, [36mAPP_HOST[0m
[dotenv] Loaded [33m.env[0m
Generating image variants require the image_processing gem. Please add `gem "image_processing", "~> 1.2"` to your Gemfile or set `config.active_storage.variant_processor = :disabled`.
Started POST "/api/v1/stk_pushes" for ::1 at 2026-08-29 17:49:35 +0300
  [1m[36mActiveRecord::SchemaMigration Load (0.6ms)[0m  [1m[34mSELECT "schema_migrations"."version" FROM "schema_migrations" ORDER BY "schema_migrations"."version" ASC /*application='RailsApi'*/[0m
Processing by Api::V1::StkPushesController#create as */*
  Parameters: {"amount" => 5, "phone_number" => "254728833181", "account_reference" => "ORDER-123", "stk_push" => {"amount" => 5, "phone_number" => "254728833181", "account_reference" => "ORDER-123"}}
  [1m[36mTRANSACTION (0.2ms)[0m  [1m[35mBEGIN immediate TRANSACTION /*action='create',application='RailsApi',controller='stk_pushes'*/[0m
  ↳ app/controllers/api/v1/stk_pushes_controller.rb:7:in 'Api::V1::StkPushesController#create'
  [1m[36mTransaction Create (5.6ms)[0m  [1m[32mINSERT INTO "transactions" ("account_reference", "amount_cents", "created_at", "currency", "error_message", "kind", "party_b", "phone_number", "provider_reference", "raw_response", "status", "updated_at") VALUES ('ORDER-123', 5, '2026-08-29 14:49:35.771403', 'KES', NULL, 'stk_push', NULL, '254728833181', NULL, NULL, 'pending', '2026-08-29 14:49:35.771403') RETURNING "id" /*action='create',application='RailsApi',controller='stk_pushes'*/[0m
  ↳ app/controllers/api/v1/stk_pushes_controller.rb:7:in 'Api::V1::StkPushesController#create'
  [1m[36mTRANSACTION (11.2ms)[0m  [1m[35mCOMMIT TRANSACTION /*action='create',application='RailsApi',controller='stk_pushes'*/[0m
  ↳ app/controllers/api/v1/stk_pushes_controller.rb:7:in 'Api::V1::StkPushesController#create'
request: POST https://sandbox.safaricom.co.ke/mpesa/stkpush/v1/processrequest
request: User-Agent: "Faraday v2.14.3"
Content-Type: "application/json"
request: {"BusinessShortCode":"174379","Password":"MTc0Mzc5MjAyNjA4MjkxNzQ5MzU=","Timestamp":"20260829174935","TransactionType":"CustomerPayBillOnline","PartyA":"254728833181","PartyB":"174379","Amount":5,"PhoneNumber":"254728833181","CallBackURL":"https://localhost:3000/webhooks/mpesa/stk","AccountReference":"ORDER-123","TransactionDesc":"ORDER-123"}
response: Status 400
response: content-type: "application/json;charset=UTF-8"
cache-control: "no-store"
x-request-id: "23cd2446-8240-4c65-a557-04e567419a77"
date: "Sat, 29 Aug 2026 14:49:36 GMT"
set-cookie: "visid_incap_2742146=wSndnoeZT2OH0KoIuPxkW4DxkmoAAAAAQUIPAAAAAAD1sTPY7BOR5zvADMH51MDL; expires=Sat, 28 Aug 2027 22:32:22 GMT; HttpOnly; path=/; Domain=.safaricom.co.ke; Secure; SameSite=None, incap_ses_899_2742146=JZJBYerotATdtSfFJeR5DIDxkmoAAAAAMBidmavm8RQljl3Er2Prew==; path=/; Domain=.safaricom.co.ke; Secure; SameSite=None"
strict-transport-security: "max-age=31536000"
x-cdn: "Imperva"
content-encoding: "gzip"
transfer-encoding: "chunked"
x-iinfo: "41-95438451-95438472 NNYN CT(74 73 0) RT(1788014976856 77) q(0 0 1 -1) r(3 3) U6"
response: {
                    "requestId":"c520-4832-84bf-a8e41a82a93215274",
                    "errorCode": "400.002.02",
                    "errorMessage": "Bad Request - Invalid CallBackURL"
                }
            
  [1m[36mTRANSACTION (0.2ms)[0m  [1m[35mBEGIN immediate TRANSACTION /*action='create',application='RailsApi',controller='stk_pushes'*/[0m
  ↳ app/controllers/api/v1/stk_pushes_controller.rb:28:in 'block in Api::V1::StkPushesController#create'
  [1m[36mTransaction Update (4.1ms)[0m  [1m[33mUPDATE "transactions" SET "raw_response" = '{"requestId":"c520-4832-84bf-a8e41a82a93215274","errorCode":"400.002.02","errorMessage":"Bad Request - Invalid CallBackURL"}', "status" = 'rejected', "updated_at" = '2026-08-29 14:49:37.296446' WHERE "transactions"."id" = 1 /*action='create',application='RailsApi',controller='stk_pushes'*/[0m
  ↳ app/controllers/api/v1/stk_pushes_controller.rb:28:in 'block in Api::V1::StkPushesController#create'
  [1m[36mTRANSACTION (0.2ms)[0m  [1m[35mCOMMIT TRANSACTION /*action='create',application='RailsApi',controller='stk_pushes'*/[0m
  ↳ app/controllers/api/v1/stk_pushes_controller.rb:28:in 'block in Api::V1::StkPushesController#create'
Completed 202 Accepted in 1701ms (Views: 1.4ms | ActiveRecord: 28.3ms (2 queries, 0 cached) | GC: 67.5ms)


Started POST "/api/v1/stk_pushes" for ::1 at 2026-08-29 17:50:56 +0300
Processing by Api::V1::StkPushesController#create as */*
  Parameters: {"amount" => 100, "phone_number" => "254728833181", "account_reference" => "ORDER-123", "stk_push" => {"amount" => 100, "phone_number" => "254728833181", "account_reference" => "ORDER-123"}}
  [1m[36mTRANSACTION (0.3ms)[0m  [1m[35mBEGIN immediate TRANSACTION /*action='create',application='RailsApi',controller='stk_pushes'*/[0m
  ↳ app/controllers/api/v1/stk_pushes_controller.rb:7:in 'Api::V1::StkPushesController#create'
  [1m[36mTransaction Create (7.2ms)[0m  [1m[32mINSERT INTO "transactions" ("account_reference", "amount_cents", "created_at", "currency", "error_message", "kind", "party_b", "phone_number", "provider_reference", "raw_response", "status", "updated_at") VALUES ('ORDER-123', 100, '2026-08-29 14:50:56.938453', 'KES', NULL, 'stk_push', NULL, '254728833181', NULL, NULL, 'pending', '2026-08-29 14:50:56.938453') RETURNING "id" /*action='create',application='RailsApi',controller='stk_pushes'*/[0m
  ↳ app/controllers/api/v1/stk_pushes_controller.rb:7:in 'Api::V1::StkPushesController#create'
  [1m[36mTRANSACTION (0.5ms)[0m  [1m[35mCOMMIT TRANSACTION /*action='create',application='RailsApi',controller='stk_pushes'*/[0m
  ↳ app/controllers/api/v1/stk_pushes_controller.rb:7:in 'Api::V1::StkPushesController#create'
request: POST https://sandbox.safaricom.co.ke/mpesa/stkpush/v1/processrequest
request: User-Agent: "Faraday v2.14.3"
Content-Type: "application/json"
request: {"BusinessShortCode":"174379","Password":"MTc0Mzc5MjAyNjA4MjkxNzUwNTY=","Timestamp":"20260829175056","TransactionType":"CustomerPayBillOnline","PartyA":"254728833181","PartyB":"174379","Amount":100,"PhoneNumber":"254728833181","CallBackURL":"https://localhost:3000/webhooks/mpesa/stk","AccountReference":"ORDER-123","TransactionDesc":"ORDER-123"}
response: Status 400
response: content-type: "application/json;charset=UTF-8"
cache-control: "no-store"
x-request-id: "ca0baf5d-2584-4e69-b2af-24ddf323fbb0"
date: "Sat, 29 Aug 2026 14:50:57 GMT"
set-cookie: "visid_incap_2742146=KsWd7n2rQ3S2oZjkGfRED9DxkmoAAAAAQUIPAAAAAAB2hqjMZ/8aWiGNfskIwxti; expires=Sat, 28 Aug 2027 22:32:31 GMT; HttpOnly; path=/; Domain=.safaricom.co.ke; Secure; SameSite=None, incap_ses_899_2742146=ZwQhCc0CRWzqiCvFJeR5DNDxkmoAAAAAG7z5h5ZXHP6uwxY0SDEnLA==; path=/; Domain=.safaricom.co.ke; Secure; SameSite=None"
strict-transport-security: "max-age=31536000"
x-cdn: "Imperva"
content-encoding: "gzip"
transfer-encoding: "chunked"
x-iinfo: "9-5224977-5224978 NNYN CT(74 75 0) RT(1788015057065 87) q(0 0 2 -1) r(4 4) U6"
response: {
                    "requestId":"8f38-49f8-9be4-b87d691148b4218528",
                    "errorCode": "400.002.02",
                    "errorMessage": "Bad Request - Invalid CallBackURL"
                }
            
  [1m[36mTRANSACTION (0.3ms)[0m  [1m[35mBEGIN immediate TRANSACTION /*action='create',application='RailsApi',controller='stk_pushes'*/[0m
  ↳ app/controllers/api/v1/stk_pushes_controller.rb:28:in 'block in Api::V1::StkPushesController#create'
  [1m[36mTransaction Update (11.7ms)[0m  [1m[33mUPDATE "transactions" SET "raw_response" = '{"requestId":"8f38-49f8-9be4-b87d691148b4218528","errorCode":"400.002.02","errorMessage":"Bad Request - Invalid CallBackURL"}', "status" = 'rejected', "updated_at" = '2026-08-29 14:50:57.562814' WHERE "transactions"."id" = 2 /*action='create',application='RailsApi',controller='stk_pushes'*/[0m
  ↳ app/controllers/api/v1/stk_pushes_controller.rb:28:in 'block in Api::V1::StkPushesController#create'
  [1m[36mTRANSACTION (0.4ms)[0m  [1m[35mCOMMIT TRANSACTION /*action='create',application='RailsApi',controller='stk_pushes'*/[0m
  ↳ app/controllers/api/v1/stk_pushes_controller.rb:28:in 'block in Api::V1::StkPushesController#create'
Completed 202 Accepted in 653ms (Views: 0.8ms | ActiveRecord: 20.3ms (2 queries, 0 cached) | GC: 3.9ms)


Started POST "/api/v1/stk_pushes" for ::1 at 2026-08-29 17:51:48 +0300
Processing by Api::V1::StkPushesController#create as */*
  Parameters: {"amount" => 100, "phone_number" => "254728833181", "account_reference" => "ORDER-123", "stk_push" => {"amount" => 100, "phone_number" => "254728833181", "account_reference" => "ORDER-123"}}
  [1m[36mTRANSACTION (0.3ms)[0m  [1m[35mBEGIN immediate TRANSACTION /*action='create',application='RailsApi',controller='stk_pushes'*/[0m
  ↳ app/controllers/api/v1/stk_pushes_controller.rb:7:in 'Api::V1::StkPushesController#create'
  [1m[36mTransaction Create (5.1ms)[0m  [1m[32mINSERT INTO "transactions" ("account_reference", "amount_cents", "created_at", "currency", "error_message", "kind", "party_b", "phone_number", "provider_reference", "raw_response", "status", "updated_at") VALUES ('ORDER-123', 100, '2026-08-29 14:51:48.063564', 'KES', NULL, 'stk_push', NULL, '254728833181', NULL, NULL, 'pending', '2026-08-29 14:51:48.063564') RETURNING "id" /*action='create',application='RailsApi',controller='stk_pushes'*/[0m
  ↳ app/controllers/api/v1/stk_pushes_controller.rb:7:in 'Api::V1::StkPushesController#create'
  [1m[36mTRANSACTION (0.5ms)[0m  [1m[35mCOMMIT TRANSACTION /*action='create',application='RailsApi',controller='stk_pushes'*/[0m
  ↳ app/controllers/api/v1/stk_pushes_controller.rb:7:in 'Api::V1::StkPushesController#create'
request: POST https://sandbox.safaricom.co.ke/mpesa/stkpush/v1/processrequest
request: User-Agent: "Faraday v2.14.3"
Content-Type: "application/json"
request: {"BusinessShortCode":"174379","Password":"MTc0Mzc5MjAyNjA4MjkxNzUxNDg=","Timestamp":"20260829175148","TransactionType":"CustomerPayBillOnline","PartyA":"254728833181","PartyB":"174379","Amount":100,"PhoneNumber":"254728833181","CallBackURL":"https://localhost:3000/webhooks/mpesa/stk","AccountReference":"ORDER-123","TransactionDesc":"ORDER-123"}
response: Status 400
response: content-type: "application/json;charset=UTF-8"
cache-control: "no-store"
x-request-id: "9be34718-7a7e-45d6-9e8f-10eb90c11ecb"
date: "Sat, 29 Aug 2026 14:51:48 GMT"
set-cookie: "visid_incap_2742146=8025m0EtQ+G0eXM2nOr9ggPykmoAAAAAQUIPAAAAAAB0+QE0641SephQAT2MpJo/; expires=Sat, 28 Aug 2027 22:32:19 GMT; HttpOnly; path=/; Domain=.safaricom.co.ke; Secure; SameSite=None, incap_ses_899_2742146=xeSIFbKwOX/lBS7FJeR5DAPykmoAAAAA/MUhbZ9POOoQszSQPM14gg==; path=/; Domain=.safaricom.co.ke; Secure; SameSite=None"
strict-transport-security: "max-age=31536000"
x-cdn: "Imperva"
content-encoding: "gzip"
transfer-encoding: "chunked"
x-iinfo: "45-123413515-123413524 NNYN CT(129 74 0) RT(1788015108188 104) q(0 0 2 -1) r(3 3) U6"
response: {
                    "requestId":"8f38-49f8-9be4-b87d691148b4218575",
                    "errorCode": "400.002.02",
                    "errorMessage": "Bad Request - Invalid CallBackURL"
                }
            
  [1m[36mTRANSACTION (0.2ms)[0m  [1m[35mBEGIN immediate TRANSACTION /*action='create',application='RailsApi',controller='stk_pushes'*/[0m
  ↳ app/controllers/api/v1/stk_pushes_controller.rb:28:in 'block in Api::V1::StkPushesController#create'
  [1m[36mTransaction Update (8.0ms)[0m  [1m[33mUPDATE "transactions" SET "raw_response" = '{"requestId":"8f38-49f8-9be4-b87d691148b4218575","errorCode":"400.002.02","errorMessage":"Bad Request - Invalid CallBackURL"}', "status" = 'rejected', "updated_at" = '2026-08-29 14:51:48.687432' WHERE "transactions"."id" = 3 /*action='create',application='RailsApi',controller='stk_pushes'*/[0m
  ↳ app/controllers/api/v1/stk_pushes_controller.rb:28:in 'block in Api::V1::StkPushesController#create'
  [1m[36mTRANSACTION (0.2ms)[0m  [1m[35mCOMMIT TRANSACTION /*action='create',application='RailsApi',controller='stk_pushes'*/[0m
  ↳ app/controllers/api/v1/stk_pushes_controller.rb:28:in 'block in Api::V1::StkPushesController#create'
Completed 202 Accepted in 642ms (Views: 0.7ms | ActiveRecord: 14.3ms (2 queries, 0 cached) | GC: 0.0ms)


Started GET "/" for ::1 at 2026-08-29 18:00:02 +0300
Processing by Rails::WelcomeController#index as */*
  Rendering /home/bocal/.local/share/mise/installs/ruby/4.0.0/lib/ruby/gems/4.0.0/gems/railties-8.1.3.1/lib/rails/templates/rails/welcome/index.html.erb
  Rendered /home/bocal/.local/share/mise/installs/ruby/4.0.0/lib/ruby/gems/4.0.0/gems/railties-8.1.3.1/lib/rails/templates/rails/welcome/index.html.erb (Duration: 2.2ms | GC: 0.0ms)
Completed 200 OK in 55ms (Views: 10.6ms | ActiveRecord: 0.0ms (0 queries, 0 cached) | GC: 0.0ms)


[dotenv] Set [36mMPESA_ENV[0m, [36mMPESA_CONSUMER_KEY[0m, [36mMPESA_CONSUMER_SECRET[0m, [36mMPESA_SHORTCODE[0m, [36mMPESA_PASSKEY[0m, [36mMPESA_INITIATOR_NAME[0m, [36mMPESA_INITIATOR_PASSWORD[0m, [36mMPESA_CERT_PATH[0m, [36mAPP_HOST[0m
[dotenv] Loaded [33m.env[0m
Generating image variants require the image_processing gem. Please add `gem "image_processing", "~> 1.2"` to your Gemfile or set `config.active_storage.variant_processor = :disabled`.
Started GET "/" for ::1 at 2026-08-29 18:01:29 +0300
  [1m[36mActiveRecord::SchemaMigration Load (0.6ms)[0m  [1m[34mSELECT "schema_migrations"."version" FROM "schema_migrations" ORDER BY "schema_migrations"."version" ASC /*application='RailsApi'*/[0m
Processing by Rails::WelcomeController#index as */*
  Rendering /home/bocal/.local/share/mise/installs/ruby/4.0.0/lib/ruby/gems/4.0.0/gems/railties-8.1.3.1/lib/rails/templates/rails/welcome/index.html.erb
  Rendered /home/bocal/.local/share/mise/installs/ruby/4.0.0/lib/ruby/gems/4.0.0/gems/railties-8.1.3.1/lib/rails/templates/rails/welcome/index.html.erb (Duration: 2.0ms | GC: 0.0ms)
Completed 200 OK in 25ms (Views: 9.8ms | ActiveRecord: 0.0ms (0 queries, 0 cached) | GC: 0.0ms)


Started POST "/api/v1/stk_pushes" for ::1 at 2026-08-29 18:01:35 +0300
Processing by Api::V1::StkPushesController#create as */*
  Parameters: {"amount" => 100, "phone_number" => "254728833181", "account_reference" => "ORDER-123", "stk_push" => {"amount" => 100, "phone_number" => "254728833181", "account_reference" => "ORDER-123"}}
  [1m[36mTRANSACTION (0.5ms)[0m  [1m[35mBEGIN immediate TRANSACTION /*action='create',application='RailsApi',controller='stk_pushes'*/[0m
  ↳ app/controllers/api/v1/stk_pushes_controller.rb:7:in 'Api::V1::StkPushesController#create'
  [1m[36mTransaction Create (9.2ms)[0m  [1m[32mINSERT INTO "transactions" ("account_reference", "amount_cents", "created_at", "currency", "error_message", "kind", "party_b", "phone_number", "provider_reference", "raw_response", "status", "updated_at") VALUES ('ORDER-123', 100, '2026-08-29 15:01:35.170334', 'KES', NULL, 'stk_push', NULL, '254728833181', NULL, NULL, 'pending', '2026-08-29 15:01:35.170334') RETURNING "id" /*action='create',application='RailsApi',controller='stk_pushes'*/[0m
  ↳ app/controllers/api/v1/stk_pushes_controller.rb:7:in 'Api::V1::StkPushesController#create'
  [1m[36mTRANSACTION (11.6ms)[0m  [1m[35mCOMMIT TRANSACTION /*action='create',application='RailsApi',controller='stk_pushes'*/[0m
  ↳ app/controllers/api/v1/stk_pushes_controller.rb:7:in 'Api::V1::StkPushesController#create'
request: POST https://sandbox.safaricom.co.ke/mpesa/stkpush/v1/processrequest
request: User-Agent: "Faraday v2.14.3"
Content-Type: "application/json"
request: {"BusinessShortCode":"174379","Password":"MTc0Mzc5MjAyNjA4MjkxODAxMzU=","Timestamp":"20260829180135","TransactionType":"CustomerPayBillOnline","PartyA":"254728833181","PartyB":"174379","Amount":100,"PhoneNumber":"254728833181","CallBackURL":"https://591e-197-237-138-53.ngrok-free.app:3000/webhooks/mpesa/stk","AccountReference":"ORDER-123","TransactionDesc":"ORDER-123"}
response: Status 500
response: content-type: "application/json;charset=UTF-8"
cache-control: "no-store"
x-request-id: "ee055451-9e60-446e-acba-500182101dff"
date: "Sat, 29 Aug 2026 15:01:36 GMT"
set-cookie: "visid_incap_2742146=OTtMZJb6SQyFTF+9gJRnUU/0kmoAAAAAQUIPAAAAAAChOiUb0QhwufpWxGOTb69d; expires=Sat, 28 Aug 2027 22:32:05 GMT; HttpOnly; path=/; Domain=.safaricom.co.ke; Secure; SameSite=None, incap_ses_899_2742146=zC8OKXgC3jQhfUrFJeR5DE/0kmoAAAAAyJStoVBkRKWhSGcdlvyAcw==; path=/; Domain=.safaricom.co.ke; Secure; SameSite=None"
strict-transport-security: "max-age=31536000"
x-cdn: "Imperva"
content-encoding: "gzip"
transfer-encoding: "chunked"
x-iinfo: "42-103764192-103764222 NNYN CT(77 78 0) RT(1788015696185 75) q(0 0 2 -1) r(6 6) U6"
response: {
                    "requestId":"8f38-49f8-9be4-b87d691148b4219253",
                    "errorCode": "500.001.1001",
                    "errorMessage": "Wrong credentials"
                }
            
request: POST https://sandbox.safaricom.co.ke/mpesa/stkpush/v1/processrequest
request: User-Agent: "Faraday v2.14.3"
Content-Type: "application/json"
Authorization: [REDACTED]
request: {"BusinessShortCode":"174379","Password":"MTc0Mzc5MjAyNjA4MjkxODAxMzU=","Timestamp":"20260829180135","TransactionType":"CustomerPayBillOnline","PartyA":"254728833181","PartyB":"174379","Amount":100,"PhoneNumber":"254728833181","CallBackURL":"https://591e-197-237-138-53.ngrok-free.app:3000/webhooks/mpesa/stk","AccountReference":"ORDER-123","TransactionDesc":"ORDER-123"}
response: Status 500
response: content-type: "application/json;charset=UTF-8"
cache-control: "no-store"
x-request-id: "07490aeb-92dd-446b-b838-dc2aef221bd6"
date: "Sat, 29 Aug 2026 15:01:37 GMT"
set-cookie: "visid_incap_2742146=KJ2FmVtJQvyJ57/Z1oeCPlH0kmoAAAAAQUIPAAAAAAD+v8XsQLmIwnVuOt/gbcpw; expires=Sat, 28 Aug 2027 22:32:20 GMT; HttpOnly; path=/; Domain=.safaricom.co.ke; Secure; SameSite=None, incap_ses_899_2742146=NPoZWBvDPXigikrFJeR5DFH0kmoAAAAALFcvgppPYqqKPNOVP3t3iQ==; path=/; Domain=.safaricom.co.ke; Secure; SameSite=None"
strict-transport-security: "max-age=31536000"
x-cdn: "Imperva"
content-encoding: "gzip"
transfer-encoding: "chunked"
x-iinfo: "44-116042954-116042975 NNYN CT(106 75 0) RT(1788015697448 78) q(0 0 2 -1) r(4 4) U6"
response: {
                    "requestId":"c520-4832-84bf-a8e41a82a93216108",
                    "errorCode": "500.001.1001",
                    "errorMessage": "Wrong credentials"
                }
            
request: POST https://sandbox.safaricom.co.ke/mpesa/stkpush/v1/processrequest
request: User-Agent: "Faraday v2.14.3"
Content-Type: "application/json"
Authorization: [REDACTED]
request: {"BusinessShortCode":"174379","Password":"MTc0Mzc5MjAyNjA4MjkxODAxMzU=","Timestamp":"20260829180135","TransactionType":"CustomerPayBillOnline","PartyA":"254728833181","PartyB":"174379","Amount":100,"PhoneNumber":"254728833181","CallBackURL":"https://591e-197-237-138-53.ngrok-free.app:3000/webhooks/mpesa/stk","AccountReference":"ORDER-123","TransactionDesc":"ORDER-123"}
response: Status 500
response: content-type: "application/json;charset=UTF-8"
cache-control: "no-store"
x-request-id: "d75fa538-77df-498f-9684-1d77ba97250b"
date: "Sat, 29 Aug 2026 15:01:39 GMT"
set-cookie: "visid_incap_2742146=K9+KrqhxRny7ksWx1WOPfVL0kmoAAAAAQUIPAAAAAADmYiWHGgk0uD+5vD8h1MVe; expires=Sat, 28 Aug 2027 22:32:08 GMT; HttpOnly; path=/; Domain=.safaricom.co.ke; Secure; SameSite=None, incap_ses_899_2742146=MqEsQFhhbF11n0rFJeR5DFL0kmoAAAAA548aoH1H5pnXs3zOSZGapw==; path=/; Domain=.safaricom.co.ke; Secure; SameSite=None"
strict-transport-security: "max-age=31536000"
x-cdn: "Imperva"
content-encoding: "gzip"
transfer-encoding: "chunked"
x-iinfo: "48-143973628-143973653 NNYN CT(79 73 0) RT(1788015699350 78) q(0 0 1 -1) r(4 4) U6"
response: {
                    "requestId":"c520-4832-84bf-a8e41a82a93216109",
                    "errorCode": "500.001.1001",
                    "errorMessage": "Wrong credentials"
                }
            
  [1m[36mTRANSACTION (0.2ms)[0m  [1m[35mBEGIN immediate TRANSACTION /*action='create',application='RailsApi',controller='stk_pushes'*/[0m
  ↳ app/controllers/api/v1/stk_pushes_controller.rb:28:in 'block in Api::V1::StkPushesController#create'
  [1m[36mTransaction Update (6.1ms)[0m  [1m[33mUPDATE "transactions" SET "raw_response" = '{"requestId":"c520-4832-84bf-a8e41a82a93216109","errorCode":"500.001.1001","errorMessage":"Wrong credentials"}', "status" = 'rejected', "updated_at" = '2026-08-29 15:01:39.818015' WHERE "transactions"."id" = 4 /*action='create',application='RailsApi',controller='stk_pushes'*/[0m
  ↳ app/controllers/api/v1/stk_pushes_controller.rb:28:in 'block in Api::V1::StkPushesController#create'
  [1m[36mTRANSACTION (0.3ms)[0m  [1m[35mCOMMIT TRANSACTION /*action='create',application='RailsApi',controller='stk_pushes'*/[0m
  ↳ app/controllers/api/v1/stk_pushes_controller.rb:28:in 'block in Api::V1::StkPushesController#create'
Completed 202 Accepted in 4750ms (Views: 1.0ms | ActiveRecord: 33.1ms (2 queries, 0 cached) | GC: 13.5ms)


Started GET "/" for ::1 at 2026-08-29 18:02:23 +0300
Processing by Rails::WelcomeController#index as */*
  Rendering /home/bocal/.local/share/mise/installs/ruby/4.0.0/lib/ruby/gems/4.0.0/gems/railties-8.1.3.1/lib/rails/templates/rails/welcome/index.html.erb
  Rendered /home/bocal/.local/share/mise/installs/ruby/4.0.0/lib/ruby/gems/4.0.0/gems/railties-8.1.3.1/lib/rails/templates/rails/welcome/index.html.erb (Duration: 0.2ms | GC: 0.0ms)
Completed 200 OK in 2ms (Views: 1.6ms | ActiveRecord: 0.0ms (0 queries, 0 cached) | GC: 0.0ms)


Started POST "/api/v1/stk_pushes" for ::1 at 2026-08-29 18:02:37 +0300
Processing by Api::V1::StkPushesController#create as */*
  Parameters: {"amount" => 100, "phone_number" => "254728833181", "account_reference" => "ORDER-123", "stk_push" => {"amount" => 100, "phone_number" => "254728833181", "account_reference" => "ORDER-123"}}
  [1m[36mTRANSACTION (0.2ms)[0m  [1m[35mBEGIN immediate TRANSACTION /*action='create',application='RailsApi',controller='stk_pushes'*/[0m
  ↳ app/controllers/api/v1/stk_pushes_controller.rb:7:in 'Api::V1::StkPushesController#create'
  [1m[36mTransaction Create (4.9ms)[0m  [1m[32mINSERT INTO "transactions" ("account_reference", "amount_cents", "created_at", "currency", "error_message", "kind", "party_b", "phone_number", "provider_reference", "raw_response", "status", "updated_at") VALUES ('ORDER-123', 100, '2026-08-29 15:02:37.656475', 'KES', NULL, 'stk_push', NULL, '254728833181', NULL, NULL, 'pending', '2026-08-29 15:02:37.656475') RETURNING "id" /*action='create',application='RailsApi',controller='stk_pushes'*/[0m
  ↳ app/controllers/api/v1/stk_pushes_controller.rb:7:in 'Api::V1::StkPushesController#create'
  [1m[36mTRANSACTION (0.4ms)[0m  [1m[35mCOMMIT TRANSACTION /*action='create',application='RailsApi',controller='stk_pushes'*/[0m
  ↳ app/controllers/api/v1/stk_pushes_controller.rb:7:in 'Api::V1::StkPushesController#create'
request: POST https://sandbox.safaricom.co.ke/mpesa/stkpush/v1/processrequest
request: User-Agent: "Faraday v2.14.3"
Content-Type: "application/json"
request: {"BusinessShortCode":"174379","Password":"MTc0Mzc5MjAyNjA4MjkxODAyMzc=","Timestamp":"20260829180237","TransactionType":"CustomerPayBillOnline","PartyA":"254728833181","PartyB":"174379","Amount":100,"PhoneNumber":"254728833181","CallBackURL":"https://591e-197-237-138-53.ngrok-free.app:3000/webhooks/mpesa/stk","AccountReference":"ORDER-123","TransactionDesc":"ORDER-123"}
response: Status 500
response: content-type: "application/json;charset=UTF-8"
cache-control: "no-store"
x-request-id: "01e43ea6-956b-4904-ac2e-65f1bb1d485b"
date: "Sat, 29 Aug 2026 15:02:37 GMT"
set-cookie: "visid_incap_2742146=YNbleCWuS3iceFxJN0Dx4430kmoAAAAAQUIPAAAAAAAMCUj6OGBBIJiqlGaLZB7/; expires=Sat, 28 Aug 2027 22:32:21 GMT; HttpOnly; path=/; Domain=.safaricom.co.ke; Secure; SameSite=None, incap_ses_899_2742146=BHwEZKjMhwJFX03FJeR5DI30kmoAAAAAMXviLaKcIq5MAb/scp3yeA==; path=/; Domain=.safaricom.co.ke; Secure; SameSite=None"
strict-transport-security: "max-age=31536000"
x-cdn: "Imperva"
content-encoding: "gzip"
transfer-encoding: "chunked"
x-iinfo: "11-5162441-5162442 NNYN CT(75 75 0) RT(1788015757797 85) q(0 1 2 -1) r(5 5) U6"
response: {
                    "requestId":"c520-4832-84bf-a8e41a82a93216175",
                    "errorCode": "500.001.1001",
                    "errorMessage": "Wrong credentials"
                }
            
request: POST https://sandbox.safaricom.co.ke/mpesa/stkpush/v1/processrequest
request: User-Agent: "Faraday v2.14.3"
Content-Type: "application/json"
Authorization: [REDACTED]
request: {"BusinessShortCode":"174379","Password":"MTc0Mzc5MjAyNjA4MjkxODAyMzc=","Timestamp":"20260829180237","TransactionType":"CustomerPayBillOnline","PartyA":"254728833181","PartyB":"174379","Amount":100,"PhoneNumber":"254728833181","CallBackURL":"https://591e-197-237-138-53.ngrok-free.app:3000/webhooks/mpesa/stk","AccountReference":"ORDER-123","TransactionDesc":"ORDER-123"}
response: Status 500
response: content-type: "application/json;charset=UTF-8"
cache-control: "no-store"
x-request-id: "4009a2c8-890b-48e9-b47a-91ecada23de6"
date: "Sat, 29 Aug 2026 15:02:39 GMT"
set-cookie: "visid_incap_2742146=0NYIgJyaRqGHeVcHrEFKQY70kmoAAAAAQUIPAAAAAACMPX0bLRMGnKcjd6tugli7; expires=Sat, 28 Aug 2027 22:32:18 GMT; HttpOnly; path=/; Domain=.safaricom.co.ke; Secure; SameSite=None, incap_ses_899_2742146=B651Jic6FBLnb03FJeR5DI70kmoAAAAA/9rOaULjFb1Y8yIL/yC9OA==; path=/; Domain=.safaricom.co.ke; Secure; SameSite=None"
strict-transport-security: "max-age=31536000"
x-cdn: "Imperva"
content-encoding: "gzip"
transfer-encoding: "chunked"
x-iinfo: "53-176404432-176404469 NNYN CT(75 75 0) RT(1788015759131 104) q(0 0 2 -1) r(4 4) U6"
response: {
                    "requestId":"c520-4832-84bf-a8e41a82a93216176",
                    "errorCode": "500.001.1001",
                    "errorMessage": "Wrong credentials"
                }
            
request: POST https://sandbox.safaricom.co.ke/mpesa/stkpush/v1/processrequest
request: User-Agent: "Faraday v2.14.3"
Content-Type: "application/json"
Authorization: [REDACTED]
request: {"BusinessShortCode":"174379","Password":"MTc0Mzc5MjAyNjA4MjkxODAyMzc=","Timestamp":"20260829180237","TransactionType":"CustomerPayBillOnline","PartyA":"254728833181","PartyB":"174379","Amount":100,"PhoneNumber":"254728833181","CallBackURL":"https://591e-197-237-138-53.ngrok-free.app:3000/webhooks/mpesa/stk","AccountReference":"ORDER-123","TransactionDesc":"ORDER-123"}
response: Status 500
response: content-type: "application/json;charset=UTF-8"
cache-control: "no-store"
x-request-id: "cc01d038-d832-49f2-aa4d-79a307516312"
date: "Sat, 29 Aug 2026 15:02:41 GMT"
set-cookie: "visid_incap_2742146=JYYxB2j4T1yAUvrHrG5L8ZD0kmoAAAAAQUIPAAAAAAD8iTLph7sF2RIFuG2Y33Hj; expires=Sat, 28 Aug 2027 22:32:06 GMT; HttpOnly; path=/; Domain=.safaricom.co.ke; Secure; SameSite=None, incap_ses_899_2742146=ssCNWhyJaibug03FJeR5DJD0kmoAAAAAtifte2/Abq6Jixg4xmauQQ==; path=/; Domain=.safaricom.co.ke; Secure; SameSite=None"
strict-transport-security: "max-age=31536000"
x-cdn: "Imperva"
content-encoding: "gzip"
transfer-encoding: "chunked"
x-iinfo: "51-168274763-168274793 NNYN CT(90 74 0) RT(1788015760796 80) q(0 0 2 -1) r(4 4) U6"
response: {
                    "requestId":"c520-4832-84bf-a8e41a82a93216177",
                    "errorCode": "500.001.1001",
                    "errorMessage": "Wrong credentials"
                }
            
  [1m[36mTRANSACTION (0.2ms)[0m  [1m[35mBEGIN immediate TRANSACTION /*action='create',application='RailsApi',controller='stk_pushes'*/[0m
  ↳ app/controllers/api/v1/stk_pushes_controller.rb:28:in 'block in Api::V1::StkPushesController#create'
  [1m[36mTransaction Update (4.7ms)[0m  [1m[33mUPDATE "transactions" SET "raw_response" = '{"requestId":"c520-4832-84bf-a8e41a82a93216177","errorCode":"500.001.1001","errorMessage":"Wrong credentials"}', "status" = 'rejected', "updated_at" = '2026-08-29 15:02:41.346941' WHERE "transactions"."id" = 5 /*action='create',application='RailsApi',controller='stk_pushes'*/[0m
  ↳ app/controllers/api/v1/stk_pushes_controller.rb:28:in 'block in Api::V1::StkPushesController#create'
  [1m[36mTRANSACTION (0.2ms)[0m  [1m[35mCOMMIT TRANSACTION /*action='create',application='RailsApi',controller='stk_pushes'*/[0m
  ↳ app/controllers/api/v1/stk_pushes_controller.rb:28:in 'block in Api::V1::StkPushesController#create'
Completed 202 Accepted in 3705ms (Views: 0.6ms | ActiveRecord: 10.6ms (2 queries, 0 cached) | GC: 0.0ms)


[dotenv] Set [36mMPESA_ENV[0m, [36mMPESA_CONSUMER_KEY[0m, [36mMPESA_CONSUMER_SECRET[0m, [36mMPESA_SHORTCODE[0m, [36mMPESA_PASSKEY[0m, [36mMPESA_INITIATOR_NAME[0m, [36mMPESA_INITIATOR_PASSWORD[0m, [36mMPESA_CERT_PATH[0m, [36mAPP_HOST[0m
[dotenv] Loaded [33m.env[0m
Generating image variants require the image_processing gem. Please add `gem "image_processing", "~> 1.2"` to your Gemfile or set `config.active_storage.variant_processor = :disabled`.
Started GET "/" for ::1 at 2026-08-29 18:05:19 +0300
  [1m[36mActiveRecord::SchemaMigration Load (0.5ms)[0m  [1m[34mSELECT "schema_migrations"."version" FROM "schema_migrations" ORDER BY "schema_migrations"."version" ASC /*application='RailsApi'*/[0m
Processing by Rails::WelcomeController#index as */*
  Rendering /home/bocal/.local/share/mise/installs/ruby/4.0.0/lib/ruby/gems/4.0.0/gems/railties-8.1.3.1/lib/rails/templates/rails/welcome/index.html.erb
  Rendered /home/bocal/.local/share/mise/installs/ruby/4.0.0/lib/ruby/gems/4.0.0/gems/railties-8.1.3.1/lib/rails/templates/rails/welcome/index.html.erb (Duration: 2.2ms | GC: 0.0ms)
Completed 200 OK in 36ms (Views: 15.6ms | ActiveRecord: 0.0ms (0 queries, 0 cached) | GC: 0.0ms)


Started POST "/api/v1/stk_pushes" for ::1 at 2026-08-29 18:05:40 +0300
Processing by Api::V1::StkPushesController#create as */*
  Parameters: {"amount" => 100, "phone_number" => "254728833181", "account_reference" => "ORDER-123", "stk_push" => {"amount" => 100, "phone_number" => "254728833181", "account_reference" => "ORDER-123"}}
  [1m[36mTRANSACTION (0.3ms)[0m  [1m[35mBEGIN immediate TRANSACTION /*action='create',application='RailsApi',controller='stk_pushes'*/[0m
  ↳ app/controllers/api/v1/stk_pushes_controller.rb:7:in 'Api::V1::StkPushesController#create'
  [1m[36mTransaction Create (7.0ms)[0m  [1m[32mINSERT INTO "transactions" ("account_reference", "amount_cents", "created_at", "currency", "error_message", "kind", "party_b", "phone_number", "provider_reference", "raw_response", "status", "updated_at") VALUES ('ORDER-123', 100, '2026-08-29 15:05:40.250462', 'KES', NULL, 'stk_push', NULL, '254728833181', NULL, NULL, 'pending', '2026-08-29 15:05:40.250462') RETURNING "id" /*action='create',application='RailsApi',controller='stk_pushes'*/[0m
  ↳ app/controllers/api/v1/stk_pushes_controller.rb:7:in 'Api::V1::StkPushesController#create'
  [1m[36mTRANSACTION (11.7ms)[0m  [1m[35mCOMMIT TRANSACTION /*action='create',application='RailsApi',controller='stk_pushes'*/[0m
  ↳ app/controllers/api/v1/stk_pushes_controller.rb:7:in 'Api::V1::StkPushesController#create'
request: POST https://sandbox.safaricom.co.ke/mpesa/stkpush/v1/processrequest
request: User-Agent: "Faraday v2.14.3"
Content-Type: "application/json"
request: {"BusinessShortCode":"174379","Password":"MTc0Mzc5YmZiMjc5ZjlhYTliZGJjZjE1OGU5N2RkNzFhNDY3Y2QyZTBjODkzMDU5YjEwZjc4ZTZiNzJhZGExZWQyYzkxOTIwMjYwODI5MTgwNTQw","Timestamp":"20260829180540","TransactionType":"CustomerPayBillOnline","PartyA":"254728833181","PartyB":"174379","Amount":100,"PhoneNumber":"254728833181","CallBackURL":"https://591e-197-237-138-53.ngrok-free.app:3000/webhooks/mpesa/stk","AccountReference":"ORDER-123","TransactionDesc":"ORDER-123"}
response: Status 200
response: cache-control: "no-store"
content-type: "application/json;charset=UTF-8"
x-request-id: "4d446b4a-18e3-4a43-8ab9-14fbbbd807a3"
date: "Sat, 29 Aug 2026 15:05:41 GMT"
set-cookie: "visid_incap_2742146=/8fmLOasTTyQcrrUOedIlUT1kmoAAAAAQUIPAAAAAABtF+3Fxj2uMU5Ey0H/F3H8; expires=Sat, 28 Aug 2027 22:32:22 GMT; HttpOnly; path=/; Domain=.safaricom.co.ke; Secure; SameSite=None, incap_ses_899_2742146=5Z6LCKfbYyrnRVbFJeR5DET1kmoAAAAAzroIDxScW8zUf7aLaKuVAQ==; path=/; Domain=.safaricom.co.ke; Secure; SameSite=None"
strict-transport-security: "max-age=31536000"
x-cdn: "Imperva"
content-encoding: "gzip"
transfer-encoding: "chunked"
x-iinfo: "41-95640899-95640911 NNYN CT(72 73 0) RT(1788015941296 71) q(0 0 2 -1) r(5 5) U6"
response: {
            "MerchantRequestID":"c520-4832-84bf-a8e41a82a93216457",
            "CheckoutRequestID":"ws_CO_290820261805416728833181",
            "ResponseCode": "0",
            "ResponseDescription":"Success. Request accepted for processing",
            "CustomerMessage":"Success. Request accepted for processing"
        }
        
  [1m[36mTRANSACTION (0.2ms)[0m  [1m[35mBEGIN immediate TRANSACTION /*action='create',application='RailsApi',controller='stk_pushes'*/[0m
  ↳ app/controllers/api/v1/stk_pushes_controller.rb:28:in 'block in Api::V1::StkPushesController#create'
  [1m[36mTransaction Update (5.4ms)[0m  [1m[33mUPDATE "transactions" SET "provider_reference" = 'ws_CO_290820261805416728833181', "raw_response" = '{"MerchantRequestID":"c520-4832-84bf-a8e41a82a93216457","CheckoutRequestID":"ws_CO_290820261805416728833181","ResponseCode":"0","ResponseDescription":"Success. Request accepted for processing","CustomerMessage":"Success. Request accepted for processing"}', "status" = 'accepted', "updated_at" = '2026-08-29 15:05:41.838638' WHERE "transactions"."id" = 6 /*action='create',application='RailsApi',controller='stk_pushes'*/[0m
  ↳ app/controllers/api/v1/stk_pushes_controller.rb:28:in 'block in Api::V1::StkPushesController#create'
  [1m[36mTRANSACTION (0.4ms)[0m  [1m[35mCOMMIT TRANSACTION /*action='create',application='RailsApi',controller='stk_pushes'*/[0m
  ↳ app/controllers/api/v1/stk_pushes_controller.rb:28:in 'block in Api::V1::StkPushesController#create'
Completed 202 Accepted in 1685ms (Views: 1.0ms | ActiveRecord: 30.5ms (2 queries, 0 cached) | GC: 10.0ms)


[dotenv] Set [36mMPESA_ENV[0m, [36mMPESA_CONSUMER_KEY[0m, [36mMPESA_CONSUMER_SECRET[0m, [36mMPESA_SHORTCODE[0m, [36mMPESA_PASSKEY[0m, [36mMPESA_INITIATOR_NAME[0m, [36mMPESA_INITIATOR_PASSWORD[0m, [36mMPESA_CERT_PATH[0m, [36mAPP_HOST[0m
[dotenv] Loaded [33m.env[0m
Generating image variants require the image_processing gem. Please add `gem "image_processing", "~> 1.2"` to your Gemfile or set `config.active_storage.variant_processor = :disabled`.
  [1m[36mActiveRecord::SchemaMigration Load (1.0ms)[0m  [1m[34mSELECT "schema_migrations"."version" FROM "schema_migrations" ORDER BY "schema_migrations"."version" ASC /*application='RailsApi'*/[0m
[dotenv] Set [36mMPESA_ENV[0m, [36mMPESA_CONSUMER_KEY[0m, [36mMPESA_CONSUMER_SECRET[0m, [36mMPESA_SHORTCODE[0m, [36mMPESA_PASSKEY[0m, [36mMPESA_INITIATOR_NAME[0m, [36mMPESA_INITIATOR_PASSWORD[0m, [36mMPESA_CERT_PATH[0m, [36mAPP_HOST[0m
[dotenv] Loaded [33m.env[0m
Generating image variants require the image_processing gem. Please add `gem "image_processing", "~> 1.2"` to your Gemfile or set `config.active_storage.variant_processor = :disabled`.
Started GET "/" for ::1 at 2026-08-29 18:08:49 +0300
  [1m[36mActiveRecord::SchemaMigration Load (0.6ms)[0m  [1m[34mSELECT "schema_migrations"."version" FROM "schema_migrations" ORDER BY "schema_migrations"."version" ASC /*application='RailsApi'*/[0m
Processing by Rails::WelcomeController#index as */*
  Rendering /home/bocal/.local/share/mise/installs/ruby/4.0.0/lib/ruby/gems/4.0.0/gems/railties-8.1.3.1/lib/rails/templates/rails/welcome/index.html.erb
  Rendered /home/bocal/.local/share/mise/installs/ruby/4.0.0/lib/ruby/gems/4.0.0/gems/railties-8.1.3.1/lib/rails/templates/rails/welcome/index.html.erb (Duration: 2.4ms | GC: 0.0ms)
Completed 200 OK in 27ms (Views: 12.1ms | ActiveRecord: 0.0ms (0 queries, 0 cached) | GC: 0.0ms)


Started POST "/api/v1/stk_pushes" for ::1 at 2026-08-29 18:09:06 +0300
Processing by Api::V1::StkPushesController#create as */*
  Parameters: {"amount" => 100, "phone_number" => "254728833181", "account_reference" => "ORDER-123", "stk_push" => {"amount" => 100, "phone_number" => "254728833181", "account_reference" => "ORDER-123"}}
  [1m[36mTRANSACTION (0.3ms)[0m  [1m[35mBEGIN immediate TRANSACTION /*action='create',application='RailsApi',controller='stk_pushes'*/[0m
  ↳ app/controllers/api/v1/stk_pushes_controller.rb:7:in 'Api::V1::StkPushesController#create'
  [1m[36mTransaction Create (7.5ms)[0m  [1m[32mINSERT INTO "transactions" ("account_reference", "amount_cents", "created_at", "currency", "error_message", "kind", "party_b", "phone_number", "provider_reference", "raw_response", "status", "updated_at") VALUES ('ORDER-123', 100, '2026-08-29 15:09:06.839917', 'KES', NULL, 'stk_push', NULL, '254728833181', NULL, NULL, 'pending', '2026-08-29 15:09:06.839917') RETURNING "id" /*action='create',application='RailsApi',controller='stk_pushes'*/[0m
  ↳ app/controllers/api/v1/stk_pushes_controller.rb:7:in 'Api::V1::StkPushesController#create'
  [1m[36mTRANSACTION (37.4ms)[0m  [1m[35mCOMMIT TRANSACTION /*action='create',application='RailsApi',controller='stk_pushes'*/[0m
  ↳ app/controllers/api/v1/stk_pushes_controller.rb:7:in 'Api::V1::StkPushesController#create'
request: POST https://sandbox.safaricom.co.ke/mpesa/stkpush/v1/processrequest
request: User-Agent: "Faraday v2.14.3"
Content-Type: "application/json"
request: {"BusinessShortCode":"174379","Password":"MTc0Mzc5YmZiMjc5ZjlhYTliZGJjZjE1OGU5N2RkNzFhNDY3Y2QyZTBjODkzMDU5YjEwZjc4ZTZiNzJhZGExZWQyYzkxOTIwMjYwODI5MTgwOTA2","Timestamp":"20260829180906","TransactionType":"CustomerPayBillOnline","PartyA":"254728833181","PartyB":"174379","Amount":100,"PhoneNumber":"254728833181","CallBackURL":"https://591e-197-237-138-53.ngrok-free.app/webhooks/mpesa/stk","AccountReference":"ORDER-123","TransactionDesc":"ORDER-123"}
response: Status 200
response: cache-control: "no-store"
content-type: "application/json;charset=UTF-8"
x-request-id: "f2e3f00b-745d-4f77-b949-ee350d526fd4"
date: "Sat, 29 Aug 2026 15:09:13 GMT"
set-cookie: "visid_incap_2742146=vwdhOTO5TwGW829gxPNkshj2kmoAAAAAQUIPAAAAAADctrcTNq9Fe7YwylFN0u24; expires=Sat, 28 Aug 2027 22:32:19 GMT; HttpOnly; path=/; Domain=.safaricom.co.ke; Secure; SameSite=None, incap_ses_899_2742146=OAbWdW/xZUKE3mDFJeR5DBj2kmoAAAAAmwwdE4kJYwENP699BnwD1g==; path=/; Domain=.safaricom.co.ke; Secure; SameSite=None"
strict-transport-security: "max-age=31536000"
x-cdn: "Imperva"
content-encoding: "gzip"
transfer-encoding: "chunked"
x-iinfo: "49-148121978-148122011 NNYN CT(77 89 0) RT(1788016147909 83) q(0 0 1 -1) r(54 54) U6"
response: {
            "MerchantRequestID":"8f38-49f8-9be4-b87d691148b4219553",
            "CheckoutRequestID":"ws_CO_290820261809083728833181",
            "ResponseCode": "0",
            "ResponseDescription":"Success. Request accepted for processing",
            "CustomerMessage":"Success. Request accepted for processing"
        }
        
  [1m[36mTRANSACTION (0.3ms)[0m  [1m[35mBEGIN immediate TRANSACTION /*action='create',application='RailsApi',controller='stk_pushes'*/[0m
  ↳ app/controllers/api/v1/stk_pushes_controller.rb:28:in 'block in Api::V1::StkPushesController#create'
  [1m[36mTransaction Update (5.4ms)[0m  [1m[33mUPDATE "transactions" SET "provider_reference" = 'ws_CO_290820261809083728833181', "raw_response" = '{"MerchantRequestID":"8f38-49f8-9be4-b87d691148b4219553","CheckoutRequestID":"ws_CO_290820261809083728833181","ResponseCode":"0","ResponseDescription":"Success. Request accepted for processing","CustomerMessage":"Success. Request accepted for processing"}', "status" = 'accepted', "updated_at" = '2026-08-29 15:09:13.439537' WHERE "transactions"."id" = 7 /*action='create',application='RailsApi',controller='stk_pushes'*/[0m
  ↳ app/controllers/api/v1/stk_pushes_controller.rb:28:in 'block in Api::V1::StkPushesController#create'
  [1m[36mTRANSACTION (0.3ms)[0m  [1m[35mCOMMIT TRANSACTION /*action='create',application='RailsApi',controller='stk_pushes'*/[0m
  ↳ app/controllers/api/v1/stk_pushes_controller.rb:28:in 'block in Api::V1::StkPushesController#create'
Completed 202 Accepted in 6694ms (Views: 0.9ms | ActiveRecord: 57.3ms (2 queries, 0 cached) | GC: 9.7ms)


